2025-10-24 08:05:00 | WARN | repo=a4m36jee-2014-cdi-seminar | action=commit
2025-01-01 07:42:00 | DEBUG | repo=a4m36jee-2014-cdi-seminar | action=commit
2025-02-25 19:04:00 | INFO | repo=a4m36jee-2014-cdi-seminar | action=commit
2025-10-05 09:15:00 | WARN | repo=a4m36jee-2014-cdi-seminar | action=edit | files=2
2025-04-22 15:24:00 | INFO | repo=a4m36jee-2014-cdi-seminar | action=commit
2025-01-17 13:40:00 | INFO | repo=a4m36jee-2014-cdi-seminar | action=commit
2025-08-08 21:07:00 | WARN | repo=a4m36jee-2014-cdi-seminar | action=commit
2025-10-12 11:02:00 | INFO | repo=a4m36jee-2014-cdi-seminar | action=commit
2025-04-04 09:13:00 | INFO | repo=a4m36jee-2014-cdi-seminar | action=commit
2025-02-23 20:01:00 | WARN | repo=a4m36jee-2014-cdi-seminar | action=test | passed=true
2025-07-28 21:58:00 | INFO | repo=a4m36jee-2014-cdi-seminar | action=commit
2025-07-19 08:20:00 | DEBUG | repo=a4m36jee-2014-cdi-seminar | action=commit
2025-10-01 07:19:00 | DEBUG | repo=a4m36jee-2014-cdi-seminar | action=pull
2025-01-15 07:43:00 | WARN | repo=a4m36jee-2014-cdi-seminar | action=pull
2025-10-17 21:32:00 | DEBUG | repo=a4m36jee-2014-cdi-seminar | action=commit
2025-06-01 16:00:00 | DEBUG | repo=a4m36jee-2014-cdi-seminar | action=test | passed=true
2025-11-12 21:16:00 | DEBUG | repo=a4m36jee-2014-cdi-seminar | action=commit
2025-11-28 18:20:00 | WARN | repo=a4m36jee-2014-cdi-seminar | action=commit
2025-06-11 18:51:00 | WARN | repo=a4m36jee-2014-cdi-seminar | action=commit
2025-07-15 17:32:00 | WARN | repo=a4m36jee-2014-cdi-seminar | action=commit
2025-02-05 17:46:00 | WARN | repo=a4m36jee-2014-cdi-seminar | action=commit
2025-03-07 08:16:00 | DEBUG | repo=a4m36jee-2014-cdi-seminar | action=pull
2025-07-26 13:33:00 | INFO | repo=a4m36jee-2014-cdi-seminar | action=commit
2025-03-28 08:44:00 | WARN | repo=a4m36jee-2014-cdi-seminar | action=commit
2025-10-18 13:58:00 | INFO | repo=a4m36jee-2014-cdi-seminar | action=commit
2025-08-22 12:55:00 | WARN | repo=a4m36jee-2014-cdi-seminar | action=commit
2025-03-19 08:36:00 | INFO | repo=a4m36jee-2014-cdi-seminar | action=commit
2025-08-12 14:37:00 | INFO | repo=a4m36jee-2014-cdi-seminar | action=commit
2025-12-23 17:06:00 | INFO | repo=a4m36jee-2014-cdi-seminar | action=commit
2025-06-27 19:47:00 | INFO | repo=a4m36jee-2014-cdi-seminar | action=commit
2025-07-15 16:59:00 | DEBUG | repo=a4m36jee-2014-cdi-seminar | action=commit
2025-06-14 12:51:00 | DEBUG | repo=a4m36jee-2014-cdi-seminar | action=commit
2025-06-20 11:35:00 | WARN | repo=a4m36jee-2014-cdi-seminar | action=commit
2025-02-01 21:39:00 | DEBUG | repo=a4m36jee-2014-cdi-seminar | action=edit | files=4
2025-09-07 20:02:00 | DEBUG | repo=a4m36jee-2014-cdi-seminar | action=commit
2025-07-14 07:48:00 | DEBUG | repo=a4m36jee-2014-cdi-seminar | action=commit
2025-02-23 11:18:00 | INFO | repo=a4m36jee-2014-cdi-seminar | action=commit
2025-12-21 07:30:00 | WARN | repo=a4m36jee-2014-cdi-seminar | action=commit
2025-09-18 11:08:00 | INFO | repo=a4m36jee-2014-cdi-seminar | action=test | passed=true
2025-11-28 08:53:00 | INFO | repo=a4m36jee-2014-cdi-seminar | action=commit
2025-07-15 16:41:00 | WARN | repo=a4m36jee-2014-cdi-seminar | action=commit
2025-10-02 07:18:00 | WARN | repo=a4m36jee-2014-cdi-seminar | action=commit
2025-07-17 08:02:00 | WARN | repo=a4m36jee-2014-cdi-seminar | action=edit | files=5
2025-08-05 09:45:00 | WARN | repo=a4m36jee-2014-cdi-seminar | action=test | passed=true
2025-03-23 11:16:00 | INFO | repo=a4m36jee-2014-cdi-seminar | action=pull
2025-03-21 14:11:00 | DEBUG | repo=a4m36jee-2014-cdi-seminar | action=commit
2025-06-07 07:05:00 | WARN | repo=a4m36jee-2014-cdi-seminar | action=commit
2025-12-21 15:13:00 | WARN | repo=a4m36jee-2014-cdi-seminar | action=commit
2025-02-22 21:24:00 | WARN | repo=a4m36jee-2014-cdi-seminar | action=commit
2025-03-17 10:25:00 | WARN | repo=a4m36jee-2014-cdi-seminar | action=pull
2025-05-23 11:28:00 | DEBUG | repo=a4m36jee-2014-cdi-seminar | action=commit
2025-09-19 17:22:00 | WARN | repo=a4m36jee-2014-cdi-seminar | action=commit
2025-06-15 16:36:00 | INFO | repo=a4m36jee-2014-cdi-seminar | action=commit
2025-02-05 09:01:00 | DEBUG | repo=a4m36jee-2014-cdi-seminar | action=commit
2025-06-27 08:40:00 | WARN | repo=a4m36jee-2014-cdi-seminar | action=commit
2025-05-05 09:07:00 | INFO | repo=a4m36jee-2014-cdi-seminar | action=commit
2025-06-11 14:44:00 | WARN | repo=a4m36jee-2014-cdi-seminar | action=commit
2025-03-13 12:36:00 | WARN | repo=a4m36jee-2014-cdi-seminar | action=test | passed=true
2025-08-28 09:02:00 | WARN | repo=a4m36jee-2014-cdi-seminar | action=commit
2025-03-03 16:29:00 | INFO | repo=a4m36jee-2014-cdi-seminar | action=commit
2025-01-25 18:41:00 | DEBUG | repo=a4m36jee-2014-cdi-seminar | action=commit
2025-01-15 13:10:00 | WARN | repo=a4m36jee-2014-cdi-seminar | action=commit
2025-06-09 10:44:00 | WARN | repo=a4m36jee-2014-cdi-seminar | action=commit
2025-09-13 21:50:00 | WARN | repo=a4m36jee-2014-cdi-seminar | action=commit
2025-12-04 07:35:00 | WARN | repo=a4m36jee-2014-cdi-seminar | action=commit
2025-06-06 18:57:00 | INFO | repo=a4m36jee-2014-cdi-seminar | action=commit
2025-01-22 08:57:00 | DEBUG | repo=a4m36jee-2014-cdi-seminar | action=test | passed=true
2025-06-08 20:42:00 | INFO | repo=a4m36jee-2014-cdi-seminar | action=commit
2025-01-28 16:27:00 | WARN | repo=a4m36jee-2014-cdi-seminar | action=commit
2025-04-13 13:58:00 | INFO | repo=a4m36jee-2014-cdi-seminar | action=commit
2025-02-21 08:35:00 | INFO | repo=a4m36jee-2014-cdi-seminar | action=commit
2025-06-01 14:55:00 | INFO | repo=a4m36jee-2014-cdi-seminar | action=commit
2025-09-20 13:46:00 | INFO | repo=a4m36jee-2014-cdi-seminar | action=commit
2025-12-10 07:18:00 | WARN | repo=a4m36jee-2014-cdi-seminar | action=commit
2025-08-22 11:37:00 | INFO | repo=a4m36jee-2014-cdi-seminar | action=edit | files=4
2025-01-14 20:50:00 | DEBUG | repo=a4m36jee-2014-cdi-seminar | action=commit
2025-06-28 07:44:00 | INFO | repo=a4m36jee-2014-cdi-seminar | action=commit
2025-07-25 09:30:00 | INFO | repo=a4m36jee-2014-cdi-seminar | action=commit
2025-03-11 20:34:00 | INFO | repo=a4m36jee-2014-cdi-seminar | action=commit
2025-03-21 19:12:00 | INFO | repo=a4m36jee-2014-cdi-seminar | action=edit | files=1
2025-01-01 17:53:00 | DEBUG | repo=a4m36jee-2014-cdi-seminar | action=commit
2025-08-07 11:46:00 | DEBUG | repo=a4m36jee-2014-cdi-seminar | action=commit
2025-05-28 18:55:00 | WARN | repo=a4m36jee-2014-cdi-seminar | action=commit
2025-03-25 07:24:00 | INFO | repo=a4m36jee-2014-cdi-seminar | action=commit
2025-01-02 18:56:00 | WARN | repo=a4m36jee-2014-cdi-seminar | action=pull
2025-06-25 07:05:00 | INFO | repo=a4m36jee-2014-cdi-seminar | action=commit
2025-10-13 16:05:00 | INFO | repo=a4m36jee-2014-cdi-seminar | action=edit | files=2
2025-05-27 12:19:00 | WARN | repo=a4m36jee-2014-cdi-seminar | action=commit
2025-04-21 09:53:00 | DEBUG | repo=a4m36jee-2014-cdi-seminar | action=commit
2025-06-11 15:15:00 | DEBUG | repo=a4m36jee-2014-cdi-seminar | action=commit
2025-05-14 08:11:00 | WARN | repo=a4m36jee-2014-cdi-seminar | action=edit | files=5
2025-09-10 12:19:00 | WARN | repo=a4m36jee-2014-cdi-seminar | action=test | passed=true
2025-10-19 13:22:00 | DEBUG | repo=a4m36jee-2014-cdi-seminar | action=edit | files=4
2025-06-23 18:28:00 | DEBUG | repo=a4m36jee-2014-cdi-seminar | action=commit
2025-03-17 19:51:00 | INFO | repo=a4m36jee-2014-cdi-seminar | action=pull
2025-02-27 07:09:00 | INFO | repo=a4m36jee-2014-cdi-seminar | action=commit
